=== npm test ===

> jlau-ai-assistant-server@1.0.0 test
> vitest run

[33mThe CJS build of Vite's Node API is deprecated. See https://vite.dev/guide/troubleshooting.html#vite-cjs-node-api-deprecated for more details.[39m

[1m[7m[36m RUN [39m[27m[22m [36mv2.1.9 [39m[90mC:/Users/34686/WorkBuddy/2026-07-30-15-35-58/jlau-ai-assistant/server[39m

 [32m✓[39m test/kbSource.test.ts [2m([22m[2m8 tests[22m[2m)[22m[90m 42[2mms[22m[39m
 [32m✓[39m test/handoffIntent.test.ts [2m([22m[2m4 tests[22m[2m)[22m[90m 11[2mms[22m[39m
 [32m✓[39m test/amap.test.ts [2m([22m[2m9 tests[22m[2m | [22m[33m1 skipped[39m[2m)[22m[90m 19[2mms[22m[39m
[90mstderr[2m | test/mapSource.test.ts[2m > [22m[2m地图问题的来源不再张冠李戴[2m > [22m[2m未配置 AMAP_API_KEY：无实时数据则不标注高德来源
[22m[39m[amap] poiAround 失败 AMAP_API_KEY 未配置

 [32m✓[39m test/mapSource.test.ts [2m([22m[2m8 tests[22m[2m)[22m[90m 129[2mms[22m[39m
 [32m✓[39m test/siliconflow.test.ts [2m([22m[2m13 tests[22m[2m)[22m[90m 131[2mms[22m[39m
 [32m✓[39m test/rateLimit.test.ts [2m([22m[2m2 tests[22m[2m)[22m[33m 4477[2mms[22m[39m
   [33m[2m✓[22m[39m POST /api/v1/feedback 触发 429[2m > [22m超过 RATE_DATA_MAX 后返回 429 + code 4290 [33m4472[2mms[22m[39m
 [32m✓[39m test/feedback.test.ts [2m([22m[2m5 tests[22m[2m)[22m[90m 84[2mms[22m[39m
 [32m✓[39m test/humanHandoff.test.ts [2m([22m[2m6 tests[22m[2m)[22m[90m 92[2mms[22m[39m
 [32m✓[39m test/scenarios.test.ts [2m([22m[2m9 tests[22m[2m)[22m[90m 133[2mms[22m[39m
 [32m✓[39m test/chat.test.ts [2m([22m[2m10 tests[22m[2m)[22m[33m 802[2mms[22m[39m

[2m Test Files [22m [1m[32m10 passed[39m[22m[90m (10)[39m
[2m      Tests [22m [1m[32m73 passed[39m[22m[2m | [22m[33m1 skipped[39m[90m (74)[39m
[2m   Start at [22m 19:44:45
[2m   Duration [22m 14.16s[2m (transform 1.55s, setup 521ms, collect 47.39s, tests 5.92s, environment 5ms, prepare 15.11s)[22m

^C